[2026-08-23T02:50:49.887Z] [INFO] watch_build start
[2026-08-23T02:50:49.947Z] [INFO] Build 599501 {"isNew":false,"prev":"599501","ms":60}
[2026-08-23T02:50:49.948Z] [INFO] watch_build skip (same build)
[2026-08-23T02:50:50.144Z] [INFO] scrape start
[2026-08-23T02:50:50.259Z] [INFO] build detected {"buildNumber":"599501"}
[2026-08-23T02:50:52.913Z] [INFO] Lines skipped (same build)
[2026-08-23T02:50:53.942Z] [INFO] scrape summary {"isNewBuild":false,"linesAdded":0,"linesRemoved":0,"stringsAdded":0,"stringsRemoved":0,"routesAdded":0,"routesRemoved":0}
[2026-08-23T02:50:53.943Z] [INFO] No notify (same build, no content delta)
[2026-08-23T02:50:53.943Z] [INFO] scrape done
[2026-08-23T02:51:25.622Z] [INFO] watch_build start
[2026-08-23T02:51:25.771Z] [INFO] Build 599501 {"isNew":false,"prev":"599501","ms":149}
[2026-08-23T02:51:25.771Z] [INFO] watch_build skip (same build)
[2026-08-23T02:51:25.954Z] [INFO] scrape start
[2026-08-23T02:51:26.151Z] [INFO] build detected {"buildNumber":"599501"}
[2026-08-23T02:51:30.076Z] [INFO] Lines skipped (same build)
[2026-08-23T02:51:30.891Z] [INFO] scrape summary {"isNewBuild":false,"linesAdded":0,"linesRemoved":0,"stringsAdded":0,"stringsRemoved":0,"routesAdded":0,"routesRemoved":0}
[2026-08-23T02:51:30.891Z] [INFO] No notify (same build, no content delta)
[2026-08-23T02:51:30.891Z] [INFO] scrape done
[2026-08-23T02:51:52.713Z] [INFO] watch_build start
[2026-08-23T02:51:53.351Z] [INFO] Build 599529 {"isNew":true,"prev":"599501","ms":638}
[2026-08-23T02:51:53.814Z] [INFO] Early webhook 204 {"buildNumber":"599529","ms":1101,"body":""}
[2026-08-23T02:51:54.004Z] [INFO] scrape start
[2026-08-23T02:51:54.164Z] [INFO] build detected {"buildNumber":"599529"}
[2026-08-23T02:51:58.398Z] [INFO] Lines skipped (same build)
[2026-08-23T02:51:59.260Z] [INFO] scrape summary {"isNewBuild":false,"linesAdded":0,"linesRemoved":0,"stringsAdded":0,"stringsRemoved":0,"routesAdded":0,"routesRemoved":0}
[2026-08-23T02:51:59.261Z] [INFO] No notify (same build, no content delta)
[2026-08-23T02:51:59.261Z] [INFO] scrape done
